[0/6] [0s]
[1/6] Fetching image [0s]
[2/6] Unpacking image [0s]
[3/6] Fetching kernel [0s]
[4/6] Fetching init image [0s]
[5/6] Unpacking init image [0s]
[6/6] Starting container [0s]
[6/6] Starting container [1s]
[6/6] Starting container [1s]
^C# Python3
Python 3.12.13
# pip3
^CTraceback (most recent call last):
  File "/opt/venv/bin/pip3", line 8, in <module>
    sys.exit(main())
             ^^^^^^
  File "/opt/venv/lib/python3.12/site-packages/pip/_internal/cli/main.py", line 47, in main
    from pip._internal.cli.autocompletion import autocomplete
  File "/opt/venv/lib/python3.12/site-packages/pip/_internal/cli/autocompletion.py", line 12, in <module>
    from pip._internal.cli.main_parser import create_main_parser
  File "/opt/venv/lib/python3.12/site-packages/pip/_internal/cli/main_parser.py", line 11, in <module>
    from pip._internal.build_env import get_runnable_pip
  File "/opt/venv/lib/python3.12/site-packages/pip/_internal/build_env.py", line 22, in <module>
    from pip._internal.cli.spinners import open_rich_spinner, open_spinner
  File "/opt/venv/lib/python3.12/site-packages/pip/_internal/cli/spinners.py", line 11, in <module>
    from pip._vendor.rich.console import (
  File "/opt/venv/lib/python3.12/site-packages/pip/_vendor/rich/console.py", line 53, in <module>
    from .pretty import Pretty, is_expandable
  File "/opt/venv/lib/python3.12/site-packages/pip/_vendor/rich/pretty.py", line 33, in <module>
    import attr as _attr_module
  File "/opt/venv/lib/python3.12/site-packages/attr/__init__.py", line 13, in <module>
    from ._funcs import asdict, assoc, astuple, has, resolve_types
  File "<frozen importlib._bootstrap>", line 1360, in _find_and_load
  File "<frozen importlib._bootstrap>", line 1331, in _find_and_load_unlocked
  File "<frozen importlib._bootstrap>", line 935, in _load_unlocked
  File "<frozen importlib._bootstrap_external>", line 995, in exec_module
  File "<frozen importlib._bootstrap_external>", line 1091, in get_code
  File "<frozen importlib._bootstrap_external>", line 1191, in get_data
KeyboardInterrupt
