#0 building with "desktop-linux" instance using docker driver

#1 [internal] load build definition from Dockerfile
#1 transferring dockerfile: 1.28kB done
#1 WARN: LegacyKeyValueFormat: "ENV key=value" should be used instead of legacy "ENV key value" format (line 2)
#1 DONE 0.0s

#2 [internal] load metadata for docker.io/library/ubuntu:24.04
#2 DONE 0.0s

#3 [internal] load .dockerignore
#3 transferring context: 2B done
#3 DONE 0.0s

#4 [ 1/16] FROM docker.io/library/ubuntu:24.04
#4 DONE 0.0s

#5 [internal] load build context
#5 transferring context: 2.19kB done
#5 DONE 0.0s

#6 [ 6/16] RUN python3 -m venv /venv
#6 CACHED

#7 [ 2/16] RUN apt-get -y update
#7 CACHED

#8 [ 9/16] COPY requirements.txt requirements.txt
#8 CACHED

#9 [13/16] COPY etc_sudoers /etc/sudoers
#9 CACHED

#10 [15/16] ADD version.sh /install/
#10 CACHED

#11 [ 4/16] RUN apt install -y --no-install-recommends     sudo     curl     systemctl     gnupg     git     vim
#11 CACHED

#12 [ 5/16] RUN apt-get update && apt-get install -y --no-install-recommends     build-essential     python3     python3-pip     python3-dev     python3-venv     && rm -rf /var/lib/apt/lists/*
#12 CACHED

#13 [11/16] RUN mkdir /install
#13 CACHED

#14 [ 8/16] RUN pip3 install jupyterlab jupyterlab_vim
#14 CACHED

#15 [12/16] ADD etc_sudoers /install/
#15 CACHED

#16 [ 7/16] RUN python -m pip install --upgrade pip
#16 CACHED

#17 [10/16] RUN pip3 install -r requirements.txt
#17 CACHED

#18 [ 3/16] RUN apt-get -y upgrade
#18 CACHED

#19 [14/16] COPY bashrc /root/.bashrc
#19 CACHED

#20 [16/16] RUN /install/version.sh 2>&1 | tee version.log
#20 CACHED

#21 exporting to image
#21 exporting layers done
#21 writing image sha256:13ffccb3233fce44bd3cbf0c1e48d6e08ee57e73d0ad364cfcf381b57678dc9b done
#21 naming to docker.io/gpsaggese/umd_langchain_langgraph done
#21 DONE 0.0s

 [33m1 warning found (use docker --debug to expand):
[0m - LegacyKeyValueFormat: "ENV key=value" should be used instead of legacy "ENV key value" format (line 2)
